[app.votelive.uk/index.html]
[backblue.gif]
[fade.gif]
[index.html]
[app.votelive.uk/cdn-cgi/l/email-protection.html]
[app.votelive.uk/index.html]
[votify.s3.amazonaws.com/static/css/main.css]
[app.votelive.uk/cdn-cgi/scripts/5c5dd728/cloudflare-static/email-decode.min.js]
[app.votelive.uk/cdn-cgi/l/email-protection.html]
[app.votelive.uk/poll/best-pizza-store/index.html]
[app.votelive.uk/poll/best-brand-ambassador/index.html]
[app.votelive.uk/auth/IG/index.html]
[app.votelive.uk/poll/best-tattoo-shop/index.html]
[static.cdninstagram.com/rsrc.php/v3/yI/r/VsNE-OHk_8a.png]
[static.cdninstagram.com/rsrc.php/v3/yR/r/lam-fZmwmvn.png]
[static.cdninstagram.com/rsrc.php/v3/ys/r/aM-g435MtEX.png]
[static.cdninstagram.com/rsrc.php/v3/yx/r/H1l_HHqi4p6.png]
[static.cdninstagram.com/rsrc.php/v3/yB/r/-7Z_RkdLJUX.png]
[static.cdninstagram.com/rsrc.php/v3/yG/r/De-Dwpd5CHc.png]
[static.cdninstagram.com/rsrc.php/v3/yR/r/hexDR1NOpRC.png]
[connect.facebook.net/rsrc.php/v3/yq/r/IE9JII6Z1Ys.png]
[connect.facebook.net/rsrc.php/v3/yd/r/Cou7n-nqK52.gif]
[connect.facebook.net/rsrc.php/v3/ya/r/3rhSv5V8j3o.gif]
[connect.facebook.net/rsrc.php/v3/y9/r/jKEcVPZFk-2.gif]
[connect.facebook.net/rsrc.php/v3/yD/r/t-wz8gw1xG1.png]
[static.cdninstagram.com/rsrc.php/v3iQ9V4/yT/l/en_US/EkPxCjE1edQ1f8e.js]
[static.cdninstagram.com/rsrc.php/v3ipzE4/yk/l/en_US/IMjstdnx-_81f8e.js]
[static.cdninstagram.com/rsrc.php/v3/yS/r/ajlEU-wEDyo.png]
[votify.s3.amazonaws.com/static/Instagram_files/c5Rp7Ym-Klz.png]
[app.votelive.uk/auth/IG/ms-windows-store_/pdp/index8a11.html]
[votify.s3.amazonaws.com/static/Instagram_files/EHY6QnZYdNX.png]
[app.votelive.uk/auth/IG/index.html]
[app.votelive.uk/auth/GM/index.html]
[1000logos.net/wp-content/uploads/2016/10/Adidas-logo-500x332.png]
[1000logos.net/wp-content/uploads/2022/08/Zara-logо-500x281.png]
[1000logos.net/wp-content/uploads/2021/04/Under-Armour-logo-500x315.png]
[1000logos.net/wp-content/uploads/2020/03/Asics-logo-500x166.png]
[app.votelive.uk/poll/best-brand-ambassador/index.html]
[votify.s3.amazonaws.com/media/Your+Pie.jpg]
[votify.s3.amazonaws.com/media/pizzapayaa.jpg]
[votify.s3.amazonaws.com/media/Old+Chicago+Pizza.jpg]
[votify.s3.amazonaws.com/media/Pizza+Wagon+of+Brooklyn.jpg]
[votify.s3.amazonaws.com/media/Bartolis+Pizzeria.jpg]
[votify.s3.amazonaws.com/media/Soulshine+Pizza+-+Flowood.jpg]
[votify.s3.amazonaws.com/media/Sam’s+Square+Pie.jpg]
[votify.s3.amazonaws.com/media/Sorrento’s_Pizzeria.jpg]
[app.votelive.uk/poll/best-pizza-store/index.html]
[votify.s3.amazonaws.com/media/𝔲+𝔫+𝔥+𝔞+𝔩+𝔩+𝔬+𝔴+𝔢+𝔡.jpg]
[votify.s3.amazonaws.com/media/Monarch+Tattoo+Hawaii.jpg]
[votify.s3.amazonaws.com/media/TRX+Tattoos&Piercings.jpg]
[votify.s3.amazonaws.com/media/Illinois+Tattoo+Co..jpg]
[votify.s3.amazonaws.com/media/UpRise+Tattoos.jpg]
[votify.s3.amazonaws.com/media/Creative+Tattoos+OKC.jpg]
[votify.s3.amazonaws.com/media/Empire+Tattoo.jpg]
[votify.s3.amazonaws.com/media/Thunderdome+Tattoo.jpg]
[votify.s3.amazonaws.com/media/360042480_606257084964601_8616009853436978802_n.jpg]
[votify.s3.amazonaws.com/media/steel.jpg]
[app.votelive.uk/poll/best-tattoo-shop/index.html]
[votify.s3.amazonaws.com/static/Instagram_files/lwmxQYICs81.css]
[static.cdninstagram.com/rsrc.php/v3iQ9V4/yT/l/en_US/EkPxCjE1edQ1f8e.js]
[static.cdninstagram.com/rsrc.php/v3ipzE4/yk/l/en_US/IMjstdnx-_81f8e.js]
[app.votelive.uk/auth/IG/ms-windows-store_/pdp/index8a11.html]
[app.votelive.uk/api/v1/web/lite/index.html]
[app.votelive.uk/poll/best-brand-ambassador/vote/2/index.html]
[app.votelive.uk/accounts/muted_accounts/index.html]
[app.votelive.uk/language/preferences/index.html]
[app.votelive.uk/accounts/blocked_accounts/index.html]
[app.votelive.uk/poll/best-brand-ambassador/vote/1/index.html]
[app.votelive.uk/accounts/notifications/index.html]
[app.votelive.uk/accounts/professional_account_settings/index.html]
[app.votelive.uk/accounts/subscriptions/index.html]
[app.votelive.uk/poll/best-brand-ambassador/vote/4/index.html]
[app.votelive.uk/accounts/restricted_accounts/index.html]
[app.votelive.uk/poll/best-brand-ambassador/vote/5/index.html]
[app.votelive.uk/accounts/account_type_and_tools/index.html]
[app.votelive.uk/accounts/privacy_setting/index.html]
[app.votelive.uk/accounts/calling/index.html]
[app.votelive.uk/accounts/close_friends/index.html]
[app.votelive.uk/poll/best-brand-ambassador/vote/3/index.html]
[app.votelive.uk/accounts/comments/index.html]
[app.votelive.uk/accounts/hidden_words/index.html]
[app.votelive.uk/accounts/hide_story_and_live/index.html]
[app.votelive.uk/accounts/like_count/index.html]
[app.votelive.uk/poll/best-pizza-store/vote/15/index.html]
[app.votelive.uk/accounts/messages_and_story_replies/index.html]
[app.votelive.uk/accounts/professional_account_tools/index.html]
[app.votelive.uk/accounts/sharing/index.html]
[app.votelive.uk/poll/best-pizza-store/vote/18/index.html]
[app.votelive.uk/accounts/switch_appearance/index.html]
[app.votelive.uk/poll/best-pizza-store/vote/16/index.html]
[app.votelive.uk/accounts/website_permissions/index.html]
[app.votelive.uk/accounts/supervision/index.html]
[app.votelive.uk/poll/best-pizza-store/vote/20/index.html]
[app.votelive.uk/poll/best-pizza-store/vote/21/index.html]
[app.votelive.uk/poll/best-pizza-store/vote/14/index.html]
[app.votelive.uk/poll/best-pizza-store/vote/19/index.html]
[app.votelive.uk/poll/best-pizza-store/vote/17/index.html]
[app.votelive.uk/poll/best-tattoo-shop/vote/23/index.html]
[app.votelive.uk/poll/best-tattoo-shop/vote/22/index.html]
[app.votelive.uk/poll/best-tattoo-shop/vote/13/index.html]
[app.votelive.uk/poll/best-tattoo-shop/vote/11/index.html]
[app.votelive.uk/poll/best-tattoo-shop/vote/10/index.html]
[app.votelive.uk/poll/best-tattoo-shop/vote/9/index.html]
[app.votelive.uk/poll/best-tattoo-shop/vote/12/index.html]
[app.votelive.uk/poll/best-tattoo-shop/vote/8/index.html]
[app.votelive.uk/poll/best-tattoo-shop/vote/6/index.html]
[app.votelive.uk/poll/best-tattoo-shop/vote/7/index.html]
[votify.s3.amazonaws.com/rsrc.php/v3/yL/r/unHwF9CkMyM.png]
[votify.s3.amazonaws.com/images/assets_DO_NOT_HARDCODE/facebook_icons/app-instant-games_filled_24_primary-icon-on-media77cd.png]
[votify.s3.amazonaws.com/images/ad_network/icon_xout_tick59d5.png]
[votify.s3.amazonaws.com/images/ad_network/icon_xout_report8554.png]
[votify.s3.amazonaws.com/images/ad_network/icon_xout_report_white9b3c.png]
[votify.s3.amazonaws.com/images/business_integrity/non_discrimination/Non_Discrimination_Headeraab0.png]
[votify.s3.amazonaws.com/images/ad_network/ad_choices6346.png]
[votify.s3.amazonaws.com/images/ad_network/icon_info_adchoices3150.png]
[votify.s3.amazonaws.com/images/ad_network/icon_xout_hide_whitef570.png]
[votify.s3.amazonaws.com/images/ad_network/icon_xout_hide60e9.png]
[votify.s3.amazonaws.com/images/ad_network/icon_xout_ad_preferences4b5c.png]
[votify.s3.amazonaws.com/images/mobile/partner_portal/oxsights/delete5123.png]
[votify.s3.amazonaws.com/images/ad_network/icon_xout_adchoices6828.png]
[votify.s3.amazonaws.com/images/commerce_platform/shop_builder/preview-mobile-framee077.png]
[votify.s3.amazonaws.com/images/video/onboarding/onboardingFlow-starBg65fe.png]
[votify.s3.amazonaws.com/images/assets_DO_NOT_HARDCODE/generic_mobile_device_frame/LaptopDeviceFrameBottom_lightc3f9.png]
[votify.s3.amazonaws.com/images/assets_DO_NOT_HARDCODE/generic_mobile_device_frame/LaptopDeviceFrameTop_darkc4db.png]
[votify.s3.amazonaws.com/images/social_good/donation-comment-heartsc215.png]
[votify.s3.amazonaws.com/images/marketing_messaging/instagram_preview_frame_4x7e73.png]
[votify.s3.amazonaws.com/images/assets_DO_NOT_HARDCODE/community_empowerment_roles/Communities-Empowerment-Roles-Platform-Spark-New-Convo-QP-ALT-WWW_lightd127.png]
[votify.s3.amazonaws.com/images/ad_network/icon_xout_crossf876.png]
[votify.s3.amazonaws.com/images/ads/branded_map_pin0bcb.png]
[votify.s3.amazonaws.com/images/instagram/xig/homepage/phones/home-phonesede0.png]
[votify.s3.amazonaws.com/images/assets_DO_NOT_HARDCODE/generic_mobile_device_frame/LaptopDeviceFrameTop_lightce17.png]
[votify.s3.amazonaws.com/images/marketing_messaging/messenger_preview_new_frame_4xd74d.png]
[votify.s3.amazonaws.com/images/instagram/xig_legacy_spritesheets/sprite_coreef6e.png]
[votify.s3.amazonaws.com/images/mobile/partner_portal/oxsights/share_customb97c.png]
[votify.s3.amazonaws.com/images/video/player_redesign/bottom_gradientf183.png]
[votify.s3.amazonaws.com/images/social_good/fundraiser/fundraiser-jar2400.png]
[votify.s3.amazonaws.com/images/assets_DO_NOT_HARDCODE/generic_mobile_device_frame/LaptopDeviceFrameBottom_darkf6be.png]
[votify.s3.amazonaws.com/images/mobile/partner_portal/oxsights/share_darke074.png]
[votify.s3.amazonaws.com/images/mobile/partner_portal/oxsights/delete_dark0171.png]
[votify.s3.amazonaws.com/images/instagram/xig_legacy_spritesheets/sprite_core_2x89ea.png]
[votify.s3.amazonaws.com/images/instagram/xig/homepage/phones/home-phones-2xeb0e.png]
[votify.s3.amazonaws.com/rsrc.php/v3/yS/r/j2tKuSsziq4.png]
[votify.s3.amazonaws.com/rsrc.php/v3/y6/r/-SCe3XOwgRY.png]
[votify.s3.amazonaws.com/rsrc.php/v3/y5/r/TJztmXpWTmS.png]
[votify.s3.amazonaws.com/rsrc.php/v3/yV/r/6JqvJ6H_bFT.png]
[votify.s3.amazonaws.com/rsrc.php/v3/y2/r/9b8ieLAMy-I.png]
[votify.s3.amazonaws.com/rsrc.php/v3/yM/r/j_ZqMZXSR36.png]
[votify.s3.amazonaws.com/rsrc.php/v3/yr/r/Zf3P2CwU8LT.png]
[votify.s3.amazonaws.com/rsrc.php/v3/y2/r/x0okhLKRvC-.png]
[votify.s3.amazonaws.com/rsrc.php/v3/yp/r/LElfhC4pb_J.png]
[votify.s3.amazonaws.com/rsrc.php/v3/yt/r/1pKIBTYmJ1l.png]
[votify.s3.amazonaws.com/rsrc.php/v3/yO/r/38WVYkpbDd-.png]
[votify.s3.amazonaws.com/rsrc.php/v3/yq/r/rKUlm5fUljm.png]
[votify.s3.amazonaws.com/rsrc.php/v3/y8/r/ZWR9C7_JdnP.png]
[votify.s3.amazonaws.com/rsrc.php/v3/yz/r/quLU_xi5ZD1.png]
[votify.s3.amazonaws.com/rsrc.php/v3/yv/r/5WZ51EJRBPR.png]
[votify.s3.amazonaws.com/rsrc.php/v3/yQ/r/bwy2y0qRpJF.png]
[votify.s3.amazonaws.com/rsrc.php/v3/yH/r/S8jSrtgyvd6.png]
[votify.s3.amazonaws.com/rsrc.php/v3/y7/r/_ZtRDZ49g_a.png]
[votify.s3.amazonaws.com/rsrc.php/v3/yS/r/lVGlFG1Qa2U.png]
[votify.s3.amazonaws.com/rsrc.php/v3/ya/r/6CFC2eweE_v.png]
[votify.s3.amazonaws.com/rsrc.php/v3/yi/r/lvkTQo0k7OO.png]
[votify.s3.amazonaws.com/rsrc.php/v3/yt/r/niKU4-R59_O.png]
[votify.s3.amazonaws.com/rsrc.php/v3/yn/r/XPTX0nme-Oq.png]
[votify.s3.amazonaws.com/rsrc.php/v3/yf/r/LZeh8qH1tRH.png]
[votify.s3.amazonaws.com/rsrc.php/v3/yp/r/_kDwUYOrwpv.png]
[votify.s3.amazonaws.com/rsrc.php/v3/y1/r/aOwWsfgyJJO.png]
[votify.s3.amazonaws.com/rsrc.php/v3/ys/r/qv7ZSPGDNFr.png]
[votify.s3.amazonaws.com/rsrc.php/v3/ya/r/FM_vuA6unUv.png]
[votify.s3.amazonaws.com/rsrc.php/v3/yN/r/otZOn9ChsZX.png]
[votify.s3.amazonaws.com/rsrc.php/v3/y7/r/DFxAOta1VtC.png]
[votify.s3.amazonaws.com/rsrc.php/v3/yg/r/y6a-zrkW3Zq.png]
[app.votelive.uk/api/v1/web/lite/index.html]
[app.votelive.uk/accounts/blocked_accounts/index.html]
[app.votelive.uk/language/preferences/index.html]
[app.votelive.uk/accounts/muted_accounts/index.html]
[app.votelive.uk/accounts/notifications/index.html]
[app.votelive.uk/accounts/subscriptions/index.html]
[app.votelive.uk/accounts/professional_account_settings/index.html]
[app.votelive.uk/accounts/restricted_accounts/index.html]
[app.votelive.uk/accounts/privacy_setting/index.html]
[app.votelive.uk/accounts/account_type_and_tools/index.html]
[app.votelive.uk/accounts/calling/index.html]
[app.votelive.uk/accounts/close_friends/index.html]
[app.votelive.uk/accounts/comments/index.html]
[app.votelive.uk/accounts/hidden_words/index.html]
[app.votelive.uk/accounts/hide_story_and_live/index.html]
[app.votelive.uk/accounts/like_count/index.html]
[app.votelive.uk/accounts/messages_and_story_replies/index.html]
[app.votelive.uk/accounts/professional_account_tools/index.html]
[app.votelive.uk/accounts/sharing/index.html]
[app.votelive.uk/accounts/switch_appearance/index.html]
[app.votelive.uk/accounts/website_permissions/index.html]
[app.votelive.uk/accounts/supervision/index.html]
[app.votelive.uk/your_activity/index.html]
[app.votelive.uk/your_activity/index.html]
[app.votelive.uk/accounts/more/index.html]
[app.votelive.uk/accounts/more/index.html]
